// 重构日志: 0a340313
// 重构日志: 3986c433
// 重构日志: 2e5c71b9
// 同步 ID: ff4a7937 @ Tue Jul 21 04:55:03 UTC 2026
// 重构日志: 3dc748f4
// 重构日志: 25b8b783
// 同步 ID: cffdc233 @ Wed Jul 22 18:14:47 UTC 2026
// 重构日志: 8aa1b01c
// 同步 ID: 5da3b67e @ Thu Jul 23 17:49:27 UTC 2026
// 重构日志: 6062f46f
// 重构日志: e91ed84f
// 重构日志: 21f6e8a5
// 重构日志: 91dc7bb2
// 同步 ID: bec795db @ Sat Jul 25 05:34:45 UTC 2026
// 重构日志: 50907a52
// 重构日志: e7332289
// 重构日志: 82cf3a6b
// 重构日志: 317c8d2c
// 重构日志: f3c9edcc
// 重构日志: 198d8d19
// 重构日志: cdfd22bf
// 重构日志: bb88019f
// 同步 ID: 4244693b @ Wed Jul 29 22:36:38 UTC 2026
// 重构日志: d63855c4
// 重构日志: 02f95867
// 重构日志: f6397ca8
// 重构日志: b70aed8c
// 重构日志: 2357cdc7
// 重构日志: aae43e8e
// 同步 ID: 7f9aa63b @ Fri Jul 31 16:25:10 UTC 2026
